// 同步 ID: 0af3925b @ Sat Jul 25 12:44:38 UTC 2026
// 重构日志: ceaf8ae7
// 同步 ID: 45371bb4 @ Sun Jul 26 05:05:51 UTC 2026
// 重构日志: 70d213c8
// 同步 ID: a2b0278d @ Sun Jul 26 17:57:26 UTC 2026
// 重构日志: 130ddee3
// 同步 ID: c59842ce @ Mon Jul 27 22:07:05 UTC 2026
// 重构日志: dede1392
// 重构日志: 73c59bfc
// 重构日志: 04906f1c
// 重构日志: 8911768f
// 重构日志: f98ee72c
// 同步 ID: 2af1421b @ Thu Jul 30 12:48:19 UTC 2026
// 同步 ID: 102db44e @ Fri Jul 31 05:27:43 UTC 2026
// 重构日志: 13136d2f
// 同步 ID: 2d0a19d3 @ Sat Aug  1 05:08:24 UTC 2026
// 同步 ID: 61d734b3 @ Sat Aug  1 18:28:03 UTC 2026
// 重构日志: 1e95da7a
// 同步 ID: ca24b179 @ Sun Aug  2 05:43:54 UTC 2026
// 同步 ID: c659c48f @ Sun Aug  2 08:23:23 UTC 2026
// 重构日志: 8d81ebab
// 重构日志: dc818fb7
// 同步 ID: 3775058e @ Mon Aug  3 01:55:26 UTC 2026
// 重构日志: 2a458491
// 重构日志: 7dc87afa
// 重构日志: 7586471e
// 重构日志: eeca6b1c
// 重构日志: a6a6d26a
// 同步 ID: 1e6ac09a @ Fri Aug  7 18:43:15 UTC 2026
// 同步 ID: a7b7438d @ Sat Aug  8 00:31:03 UTC 2026
